Release 14.7 - xst P.20131013 (lin64)
Copyright (c) 1995-2013 Xilinx, Inc.  All rights reserved.
--> 
Parameter TMPDIR set to xst/projnav.tmp


Total REAL time to Xst completion: 0.00 secs
Total CPU time to Xst completion: 0.05 secs
 
--> 
Parameter xsthdpdir set to xst


Total REAL time to Xst completion: 0.00 secs
Total CPU time to Xst completion: 0.05 secs
 
--> 
Reading design: mips_txt2.prj

TABLE OF CONTENTS
  1) Synthesis Options Summary
  2) HDL Parsing
  3) HDL Elaboration
  4) HDL Synthesis
       4.1) HDL Synthesis Report
  5) Advanced HDL Synthesis
       5.1) Advanced HDL Synthesis Report
  6) Low Level Synthesis
  7) Partition Report
  8) Design Summary
       8.1) Primitive and Black Box Usage
       8.2) Device utilization summary
       8.3) Partition Resource Summary
       8.4) Timing Report
            8.4.1) Clock Information
            8.4.2) Asynchronous Control Signals Information
            8.4.3) Timing Summary
            8.4.4) Timing Details
            8.4.5) Cross Clock Domains Report


=========================================================================
*                      Synthesis Options Summary                        *
=========================================================================
---- Source Parameters
Input File Name                    : "mips_txt2.prj"
Ignore Synthesis Constraint File   : NO

---- Target Parameters
Output File Name                   : "mips_txt2"
Output Format                      : NGC
Target Device                      : xc6slx100-2-fgg676

---- Source Options
Top Module Name                    : mips_txt2
Automatic FSM Extraction           : YES
FSM Encoding Algorithm             : Auto
Safe Implementation                : No
FSM Style                          : LUT
RAM Extraction                     : Yes
RAM Style                          : Auto
ROM Extraction                     : Yes
Shift Register Extraction          : YES
ROM Style                          : Auto
Resource Sharing                   : YES
Asynchronous To Synchronous        : NO
Shift Register Minimum Size        : 2
Use DSP Block                      : Auto
Automatic Register Balancing       : No

---- Target Options
LUT Combining                      : Auto
Reduce Control Sets                : Auto
Add IO Buffers                     : YES
Global Maximum Fanout              : 100000
Add Generic Clock Buffer(BUFG)     : 16
Register Duplication               : YES
Optimize Instantiated Primitives   : NO
Use Clock Enable                   : Auto
Use Synchronous Set                : Auto
Use Synchronous Reset              : Auto
Pack IO Registers into IOBs        : Auto
Equivalent register Removal        : YES

---- General Options
Optimization Goal                  : Speed
Optimization Effort                : 1
Power Reduction                    : NO
Keep Hierarchy                     : No
Netlist Hierarchy                  : As_Optimized
RTL Output                         : Yes
Global Optimization                : AllClockNets
Read Cores                         : YES
Write Timing Constraints           : NO
Cross Clock Analysis               : NO
Hierarchy Separator                : /
Bus Delimiter                      : <>
Case Specifier                     : Maintain
Slice Utilization Ratio            : 100
BRAM Utilization Ratio             : 100
DSP48 Utilization Ratio            : 100
Auto BRAM Packing                  : NO
Slice Utilization Ratio Delta      : 5

=========================================================================


=========================================================================
*                          HDL Parsing                                  *
=========================================================================
Analyzing Verilog file "/home/co-eda/Desktop/P8/P7_standard_timer_2019.v" into library work
Parsing module <TC>.
Analyzing Verilog file "/home/co-eda/Desktop/P8/CPU.v" into library work
Parsing module <CPU>.
Analyzing Verilog file "/home/co-eda/Desktop/P8/Bridge.v" into library work
Parsing module <Bridge>.
Analyzing Verilog file "/home/co-eda/Desktop/P8/mips.v" into library work
Parsing module <mips>.
Analyzing Verilog file "/home/co-eda/Desktop/P8/tb_withinterrupt.v" into library work
Parsing module <mips_txt2>.

=========================================================================
*                            HDL Elaboration                            *
=========================================================================

Elaborating module <mips_txt2>.
WARNING:HDLCompiler:872 - "/home/co-eda/Desktop/P8/tb_withinterrupt.v" Line 56: Using initial value of reset since it is never assigned
Reading initialization file \"code.txt\".
WARNING:HDLCompiler:1670 - "/home/co-eda/Desktop/P8/tb_withinterrupt.v" Line 75: Signal <inst> in initial block is partially initialized.
ERROR:HDLCompiler:532 - "/home/co-eda/Desktop/P8/tb_withinterrupt.v" Line 76: Index <4096> is out of range [0:4095] for signal <data>.
INFO - You can change the severity of this error message to warning using switch -change_error_to_warning "HDLCompiler:532"
Module mips_txt2 remains a blackbox, due to errors in its contents
WARNING:HDLCompiler:1499 - "/home/co-eda/Desktop/P8/tb_withinterrupt.v" Line 3: Empty module <mips_txt2> remains a black box.
--> 


Total memory usage is 329052 kilobytes

Number of errors   :    1 (   0 filtered)
Number of warnings :    3 (   0 filtered)
Number of infos    :    0 (   0 filtered)

